     1                                  ;[cpu 286]
     2                                  ;[cpu 386]
     3                                  [bits 16]
     4                                  [org 0x7c00]
     5                                  stack_ring0	equ	0x8000
     6                                  stack				equ	0x8000
     7                                  
     8 00000000 EA[7501]0000            jmp 0:boot                  ; CS = 0x0000 on start up
     9                                  
    10                                  gdt_start:
    11                                  gdt_null:                   ; null descriptor (required)
    12 00000005 0000000000000000        		dq  0
    13                                  
    14                                  gdt_code_ring0:							; code segment descriptor (0x000000 - 0x00ffff)
    15 0000000D FFFF                    		dw  0xffff              ; limit
    16 0000000F 0000                    		dw  0                   ; base lower 16 bits
    17 00000011 00                      		db  0                   ; base upper 8 bits
    18 00000012 9A                      		db  10011010b           ; present, privilege level 0 (highest privilege), code, non-conforming, readable
    19 00000013 0000                    		dw  0                   ; (not used in 80286) D bit is cleaed then operand length and EA are assumed to be 16 bits long
    20                                  
    21                                  gdt_data_ring0:							; data segment descriptor (0x000000 - 0x00ffff)
    22 00000015 FFFF                    		dw  0xffff              ; limit
    23 00000017 0000                    		dw  0                   ; base lower 16 bits
    24 00000019 00                      		db  0                   ; base upper 8 bits
    25 0000001A 92                      		db  10010010b           ; present, privilege level 0 (highest privilege), data, expand-up, writable
    26 0000001B 0000                    		dw  0                   ; (not used in 80286) D bit is cleaed then operand length and EA are assumed to be 16 bits long
    27                                  
    28                                  gdt_code_ring3:							; code segment descriptor (0x000000 - 0x00ffff)
    29 0000001D FFFF                    		dw  0xffff              ; limit
    30 0000001F 0000                    		dw  0                   ; base lower 16 bits
    31 00000021 00                      		db  0                   ; base upper 8 bits
    32 00000022 FA                      		db  11111010b           ; present, privilege level 3 (least privilege), code, non-conforming, readable
    33 00000023 0000                    		dw  0                   ; (not used in 80286) D bit is cleaed then operand length and EA are assumed to be 16 bits long
    34                                  
    35                                  gdt_data_ring3:							; data segment descriptor (0x000000 - 0x00ffff)
    36 00000025 FFFF                    		dw  0xffff              ; limit
    37 00000027 0000                    		dw  0                   ; base lower 16 bits
    38 00000029 00                      		db  0                   ; base upper 8 bits
    39 0000002A F2                      		db  11110010b           ; present, privilege level 3 (least privilege), data, expand-up, writable
    40 0000002B 0000                    		dw  0                   ; (not used in 80286) D bit is cleaed then operand length and EA are assumed to be 16 bits long
    41                                  
    42                                  gdt_vram:                   ; data segment descriptor (VGA text color video memory: 0x0b8000-0x0b8fff)
    43 0000002D 9F0F                    		dw  80 * 25 * 2 - 1     ; limit
    44 0000002F 0080                    		dw  0x8000              ; base lower 16 bits
    45 00000031 0B                      		db  0x0b                ; base upper 8 bits
    46 00000032 92                      		db  10010010b           ; present, privilege level 0 (highest privilege), data, expand-up, writable
    47 00000033 0000                    		dw  0                   ; (not used in 80286) D bit is cleaed then operand length and EA are assumed to be 16 bits long
    48                                  
    49                                  gdt_tss:										; TSS descriptor
    50 00000035 2B00                    		dw	tss_end - tss  - 1	; limit
    51 00000037 [4901]                  		dw	tss									; base lower 16 bits
    52 00000039 00                      		db	0										; base upper 8 bits
    53 0000003A 81                      		db	10000001b						; present, privilege level 0 (highest privilege), system, available TSS
    54 0000003B 0000                    		dw	0										; (not used in 80286)
    55                                  gdt_end:
    56                                  
    57                                  idt_start:									; bare minimum IDT
    58 0000003D 0000000000000000-       		times 4	dq	0
    58 0000003D <rep 4h>           
    59                                  into:												; int 4 (interrupt on overflow)
    60 0000005D [BA01]                  		dw	print								; offset
    61 0000005F 0800                    		dw	gdt_code_ring0 - gdt_start	; destination selector
    62 00000061 00                      		db	0										; unused
    63 00000062 E6                      		db	11100110b						; present, privilege level 3 (least privilege), system, interrupt
    64 00000063 0000                    		dw	0										; (not used in 80286)
    65                                  
    66 00000065 0000000000000000-       		times	27 dq 0
    66 00000065 <rep 1Bh>          
    67                                  idt_end:
    68                                  
    69                                  gdt_descriptor:
    70 0000013D 3700                    		dw  gdt_end - gdt_start - 1 ; limit of the gdt
    71 0000013F [05000000]              		dd  gdt_start           ; physical starting address of the gdt
    72                                  
    73                                  idt_descriptor:
    74 00000143 FF00                    		dw	idt_end - idt_start - 1	; limit of the idt
    75 00000145 [3D000000]              		dd	idt_start						; physical starting address of the idt
    76                                  
    77                                  code_seg_ring0	equ gdt_code_ring0 - gdt_start
    78                                  data_seg_ring0	equ gdt_data_ring0 - gdt_start
    79                                  code_seg_ring3	equ gdt_code_ring3 - gdt_start
    80                                  data_seg_ring3	equ gdt_data_ring3 - gdt_start
    81                                  vram_seg				equ gdt_vram - gdt_start
    82                                  tss_seg					equ	gdt_tss - gdt_start
    83                                  
    84                                  ; Interrupts also cause stack change. The new stack pointer value (for ring 0, in this program) is
    85                                  ; loaded from TSS and therefore, TSS is set up.
    86                                  tss:
    87 00000149 0000                    		dw	0					; previous TSS
    88 0000014B 0080                    		dw	stack_ring0				; sp for CPL 0
    89 0000014D 1000                    		dw	data_seg_ring0		; ss for CPL 0
    90                                  		; everything below here is unused
    91 0000014F 0000                    		dw	0					; sp for CPL 1
    92 00000151 0000                    		dw	0					; ss for CPL 1
    93 00000153 0000                    		dw	0					; sp for CPL 2
    94 00000155 0000                    		dw	0					; ss for CPL 2
    95 00000157 0000                    		dw	0					; ip
    96 00000159 0000                    		dw	0					; flags
    97 0000015B 0000                    		dw	0					; ax
    98 0000015D 0000                    		dw	0					; cx
    99 0000015F 0000                    		dw	0					; dx
   100 00000161 0000                    		dw	0					; bx
   101 00000163 0000                    		dw	0					; sp
   102 00000165 0000                    		dw	0					; bp
   103 00000167 0000                    		dw	0					; si
   104 00000169 0000                    		dw	0					; di
   105 0000016B 0000                    		dw	0					; es selector
   106 0000016D 0000                    		dw	0					; cs selector
   107 0000016F 0000                    		dw	0					; ss selector
   108 00000171 0000                    		dw	0					; ds selector
   109 00000173 0000                    		dw	0					; task LDT selector
   110                                  tss_end:
   111                                  
   112                                  boot:
   113 00000175 FA                      		cli
   114 00000176 0F0116[3D01]            		lgdt    [gdt_descriptor]
   115 0000017B 0F011E[4301]            		lidt		[idt_descriptor]
   116                                  
   117                                  ; codes for 80286           ; MSW register is a 16-bit register but only the lower 4 bits are used
   118 00000180 0F01E0                  		smsw ax                 ; and it is a part of CR0 register in 80386 (or later).
   119 00000183 83C801                  		or ax, 1                ; set PE bit (bit 0)
   120 00000186 0F01F0                  		lmsw ax
   121                                  
   122                                  ; for 80386 and upwards     PG (Paging, bit 31) and ET (Extention Type, bit 4) are added to CR0.
   123                                  ;mov eax, cr0
   124                                  ;or  eax, 1
   125                                  ;mov cr0, eax
   126                                  ;
   127 00000189 EA[8E01]0800            		jmp code_seg_ring0:start_pm_ring0
   128                                  
   129                                  ;[bits 32]  This directive should be removed. As the descriptors say, operands and effective address are 16 bits in size
   130                                  textcolor1	equ 0x1b        ; BG color : blue, FG color : bright cyan, no blink
   131                                  textcolor2	equ 0x1e + 0x80	; BG color : blue, FG color : yellow, with blink
   132                                  
   133                                  start_pm_ring0:							; now entered into the 16 bit-protected mode ring 0 from the real mode
   134 0000018E FA                      		cli											; To avoid unintended interrupts. It is note that software intrrupt is not maskable. 
   135                                  
   136 0000018F B81000                  		mov ax, data_seg_ring0
   137 00000192 8ED0                    		mov ss, ax							; I know the ED bit is not set but it does not have to be set for use in SS
   138 00000194 BC0080                  		mov sp, stack_ring0
   139 00000197 B83000                  		mov ax, (tss_seg) | 0
   140 0000019A 0F00D8                  		ltr ax
   141                                  
   142 0000019D B82800                  		mov ax, vram_seg
   143 000001A0 8EC0                    		mov es, ax							; reload ES to make it point to video memory
   144 000001A2 31FF                    		xor di, di
   145 000001A4 B41B                    		mov ah, textcolor1			; clear screen
   146 000001A6 B020                    		mov al, ' ' 
   147 000001A8 B9D007                  		mov cx, 80 * 25
   148 000001AB FC                      		cld
   149 000001AC F3AB                    rep stosw
   150                                  
   151                                  ; set up the stack frame iret expects
   152 000001AE 6A23                    		push (data_seg_ring3) | 3	; data selector (ring 3 stack with bottom 2 bits set for ring 3)
   153 000001B0 68[E901]                		push stack_ring3					; sp (ring 3)
   154 000001B3 9C                      		pushf
   155 000001B4 6A1B                    		push (code_seg_ring3) | 3	; code selector (ring 3 code with bottom 2 bits set for ring 3)
   156 000001B6 68[D501]                		push start_pm_ring3
   157 000001B9 CF                      		iret											; make it get to ring 3
   158                                  
   159                                  ; sample interrupt handler just for printing the greeating message
   160                                  print:
   161 000001BA B81000                  		mov ax, data_seg_ring0
   162 000001BD 8ED8                    		mov ds, ax								; reload DS
   163 000001BF B82800                  		mov ax, vram_seg
   164 000001C2 8EC0                    		mov es, ax								; reload ES to make it point to video memory
   165 000001C4 31FF                    		xor di, di								; print a greeting message at the uppper left corner of the screen
   166 000001C6 8D36[DC01]              		lea si, hello_msg
   167 000001CA B49E                    		mov ah, textcolor2
   168                                  .loop:
   169 000001CC AC                      		lodsb
   170 000001CD 3C00                    		cmp al, 0
   171 000001CF 7403                    		jz print_end
   172 000001D1 AB                      		stosw
   173 000001D2 EBF8                    		jmp .loop
   174                                  
   175                                  print_end:
   176 000001D4 CF                      		iret
   177                                  
   178                                  start_pm_ring3:
   179 000001D5 B07F                    		mov al, 127
   180 000001D7 FEC0                    		inc al									; overflow occurs as the range of a single byte is -128..127 in signed arithmetic 
   181 000001D9 CE                      		into										; and (INTO) is invoked.
   182                                  .loop:
   183 000001DA EBFE                    		jmp .loop
   184                                  
   185                                  hello_msg:
   186 000001DC 494E544F00              		db  "INTO", 0
   187                                  
   188 000001E1 0000                    		dw	0
   189 000001E3 0000                    		dw	0
   190 000001E5 0000                    		dw	0
   191 000001E7 0000                    		dw	0
   192                                  stack_ring3:
   193                                  
   194 000001E9 00<rep 15h>             		times 510-($-$$)  db 0  ; fill bytes from current location to 510 with zero
   195 000001FE 55AA                    		dw 0xaa55               ; bootable sector marker
